
> gekichin@0.1.0 build
> tsc --noEmit && vite build

vite v8.3.1 building client environment for production...
transforming...
✓ 29 modules transformed.
rendering chunks...
computing gzip size...
dist/index.html                   0.61 kB │ gzip:   0.40 kB
dist/assets/index-B79rSzXU.css   22.09 kB │ gzip:   5.37 kB
dist/assets/index-BTLHVFty.js   737.00 kB │ gzip: 196.00 kB

✓ built in 261ms
[plugin builtin:vite-reporter] 
(!) Some chunks are larger than 500 kB after minification. Consider:
- Using dynamic import() to code-split the application
- Use build.rolldownOptions.output.codeSplitting to improve chunking: https://rolldown.rs/reference/OutputOptions.codeSplitting
- Adjust chunk size limit for this warning via build.chunkSizeWarningLimit.
npm notice
npm notice New major version of npm available! 11.9.0 -> 12.2.0
npm notice Changelog: https://github.com/npm/cli/releases/tag/v12.2.0
npm notice To update run: npm install -g npm@12.2.0
npm notice
