✔ return arrows guide inward/outward and left/right using the inherited flight yaw (1.095315ms)
✔ initial eight plus forty-two and simultaneous deaths conserve fifty distinct tokens (4.136596ms)
✔ the only reserve goes to the player even if the player loss is recorded last (2.818371ms)
✔ handoff at exactly180ticks keeps HP, position, magazines and reload clocks (3.549125ms)
✔ Q-only survivors recheck handoff after their first deployment rather than losing the mission (2.51466ms)
✔ a blocked reservation consumes no extra token and reports exactlyfive seconds of continuous failure (4.647794ms)
✔ player and wingman barrels use exact5/15 and17/57tick intervals (1.84029ms)
✔ both empty initiates common360tick reload and no empty shot changes ammunition or N (0.287807ms)
✔ atomic volleys preserve64 player slots and saturation does not consume ammunition or IDs (2.106724ms)
✔ all source distances use far-side200/500/800 boundaries with integer mHP (0.278202ms)
✔ shot affiliation survives death/handoff and the90tick half-open lifetime is exact (0.435135ms)
✔ normal launch is the tick-start physical nose despite simultaneous turning and acceleration (187.796441ms)
✔ moving-sphere sweep resolves crossing trajectories within one tick (0.236541ms)
✔ 160000-point example floors only once, preserves negatives and distinguishes N0 (0.372112ms)
✔ overkill, duplicate events and wingman final blows retain actual damage and one hit (0.288938ms)
✔ best records are victory-only, mode/version-separated, tied records retain the earlier record (1.010669ms)
✔ corrupt or future best formats and failed writes never damage an existing record (0.60622ms)
✔ same-tick final turret and final ally losses produce mutual defeat before any respawn (43.661392ms)
✔ victory freezes flying bullets, unhit shots stay in N, and every result component is immutable (45.254676ms)
✔ an integrated timezero turret destruction cancels its genuine due warning shot before allocation (38.740017ms)
✔ a destruction during the warning releases its reservation and visual warning immediately without erasing older shots (24.991534ms)
✔ the last lifetime endpoint is excluded while the immediately earlier contact is valid (246.349116ms)
✔ boundary grace uses600 active ticks, resets on return, and never teleports an aircraft (181.363651ms)
✔ a timezero hull/sea collision cancels the player shot and gives no turret damage (166.260487ms)
✔ Normal player bullets damage friendly aircraft; Easy and wingman shots stop at protected contact (346.883037ms)
✔ main direct24HP never also deals splash to that plane, while colocated exposed allies receive12HP once (156.266829ms)
✔ main splash excludes the20m boundary and cannot cross a canonical turret shield (299.53055ms)
✔ synthetic15minute all-eight-guns fixture has no allocation failures and bounded live damage IDs (164.201107ms)
✔ intercept includes the fixed warning delay, chooses a positive root, and rejects an unreachable target (2.346361ms)
✔ the integrated tick-start warning uses actual moving-aircraft velocity after previous is reset (1055.064894ms)
✔ main warning lasts sixty ticks, keeps its physical aim fixed, and fires one 400m/s shot (1.819829ms)
✔ MG fires F, F+6, … F+54, then releases its reservation for 120ticks after the last shot (1.803675ms)
✔ MG cancellation after two real shots reloads from the last shot; target generation changes cancel pending shots (1.096776ms)
✔ a turret destroyed by an earlier contact cannot commit its same-tick pending shot (0.609424ms)
✔ main finite tracking does not exceed its turn speed and times out after 120ticks (1.75955ms)
✔ mg finite tracking does not exceed its turn speed and times out after 120ticks (1.034845ms)
✔ local yaw/pitch limits reject internal and off-axis targets on every exterior face (1.657348ms)
✔ active and per-aircraft caps are enforced, and unused IDs precede recently released reservations (7.901ms)
✔ a full enemy pool defers every remaining burst slot by one tick and pauses after sixty consecutive failures (9.439241ms)
✔ wingmen assign at most two pilots to the final turret, release dead assignments, and keep flight updates external (29.231889ms)
✔ a real finite-flight wingman reaches and destroys a last top turret with ordinary scattered bullets (56.63733ms)
✔ a real finite-flight wingman reaches and destroys a last bottom turret with ordinary scattered bullets (49.973415ms)
✔ a real finite-flight wingman reaches and destroys a last left turret with ordinary scattered bullets (47.423763ms)
✔ a real finite-flight wingman reaches and destroys a last right turret with ordinary scattered bullets (44.674655ms)
✔ a real finite-flight wingman reaches and destroys a last front turret with ordinary scattered bullets (35.317557ms)
✔ a real finite-flight wingman reaches and destroys a last rear turret with ordinary scattered bullets (50.447137ms)
✔ layout data fixes 100 unique turrets, six face counts, unit axes, HP and approach intervals (13.493525ms)
✔ synthetic finite-fleet fixture preserves all 50 identities through simultaneous losses and respawns (16.818256ms)
✔ scoring preserves the fixed 160,000 example, time monotonicity, negative totals and N=0 semantics (0.380855ms)
✔ score events are idempotent and retain shooter ownership across the finishing hit (0.399232ms)
✔ mode-specific best records accept only valid victories and preserve future envelopes (1.036077ms)
✔ ordinary combat inputs preserve the same logical snapshot at 30, 60 and 120 Hz (20436.803382ms)
✔ canonical layout has fixed100 unique IDs, six-face20/80 distribution and24,000HP (8.605455ms)
✔ every turret has a350m ordinary-flight approach with aircraft radius+10m clearance and first-contact firing access (18.464458ms)
✔ spawn and return corridor candidates satisfy all real muzzle range margins and30m separation (4.333668ms)
✔ the exterior network connects above/below/front/rear and sides without hull shortcuts (14.900592ms)
✔ shared first-contact geometry blocks opposite faces but keeps visible armor gaps open (5.594118ms)
✔ rounded-box sweeps catch tunnelling, reject inflated-box corner false positives and handle rotated boxes (0.557747ms)
✔ spatial grid returns the same nearest collision as all canonical parts, including changing barrels (75.186533ms)
✔ camera casts use the same first contact, and moving aircraft / sea sweeps find real crossings (1.690277ms)
✔ integer damage clamps overkill, damage stages have exact thresholds, attack IDs resolve once (0.747118ms)
✔ destroyed turrets retain a low canonical wreck and final destruction time / freeze are stable (1.24664ms)
✔ retired numeric attack IDs remain rejected while retained de-dup state stays bounded by live IDs (2.928694ms)
ℹ tests 63
ℹ suites 0
ℹ pass 63
ℹ fail 0
ℹ cancelled 0
ℹ skipped 0
ℹ todo 0
ℹ duration_ms 21027.136907
