browserContext.close: Target page, context or browser has been closed
Browser logs:

[pid=31417][err] [1005/044419.750001:ERROR:content/browser/zygote_host/zygote_host_impl_linux.cc:279] Failed to adjust OOM score of renderer with pid 31435: Read-only file system (30)
[pid=31417][err] 
[pid=31417][err] Fontconfig error: No writable cache directories
[pid=31417][err] 	/var/cache/fontconfig
[pid=31417][err] 	/home/agent/.cache/fontconfig
[pid=31417][err] 	/home/agent/.fontconfig
[pid=31417][err] 
[pid=31417][err] Fontconfig error: No writable cache directories
[pid=31417][err] 	/var/cache/fontconfig
[pid=31417][err] 	/home/agent/.cache/fontconfig
[pid=31417][err] 	/home/agent/.fontconfig
[pid=31417][err] 
[pid=31417][err] Fontconfig error: No writable cache directories
[pid=31417][err] 	/var/cache/fontconfig
[pid=31417][err] 	/home/agent/.cache/fontconfig
[pid=31417][err] 	/home/agent/.fontconfig
[pid=31417][err] 
[pid=31417][err] Fontconfig error: No writable cache directories
[pid=31417][err] 	/var/cache/fontconfig
[pid=31417][err] 	/home/agent/.cache/fontconfig
[pid=31417][err] 	/home/agent/.fontconfig
[pid=31417][err] 
[pid=31417][err] Fontconfig error: No writable cache directories
[pid=31417][err] 	/var/cache/fontconfig
[pid=31417][err] 	/home/agent/.cache/fontconfig
[pid=31417][err] 	/home/agent/.fontconfig
[pid=31417][err] 
[pid=31417][err] Fontconfig error: No writable cache directories
[pid=31417][err] 	/var/cache/fontconfig
[pid=31417][err] 	/home/agent/.cache/fontconfig
[pid=31417][err] 	/home/agent/.fontconfig
[pid=31417][err] 
[pid=31417][err] Fontconfig error: No writable cache directories
[pid=31417][err] 	/var/cache/fontconfig
[pid=31417][err] 	/home/agent/.cache/fontconfig
[pid=31417][err] 	/home/agent/.fontconfig
[pid=31417][err] 
[pid=31417][err] Fontconfig error: No writable cache directories
[pid=31417][err] 	/var/cache/fontconfig
[pid=31417][err] 	/home/agent/.cache/fontconfig
[pid=31417][err] 	/home/agent/.fontconfig
[pid=31417][err] 
[pid=31417][err] Fontconfig error: No writable cache directories
[pid=31417][err] 	/var/cache/fontconfig
[pid=31417][err] 	/home/agent/.cache/fontconfig
[pid=31417][err] 	/home/agent/.fontconfig
[pid=31417][err] [1005/044419.768268:WARNING:media/gpu/vaapi/vaapi_wrapper.cc:1643] drmGetDevices2() has not found any devices
[pid=31417][err] [1005/044419.771417:WARNING:sandbox/policy/linux/sandbox_linux.cc:404] InitializeSandbox() called with multiple threads in process gpu-process.
[pid=31417][err] 
[pid=31417][err] Fontconfig error: No writable cache directories
[pid=31417][err] 	/var/cache/fontconfig
[pid=31417][err] 	/home/agent/.cache/fontconfig
[pid=31417][err] 	/home/agent/.fontconfig
[pid=31417][err] 
[pid=31417][err] Fontconfig error: No writable cache directories
[pid=31417][err] 	/var/cache/fontconfig
[pid=31417][err] 	/home/agent/.cache/fontconfig
[pid=31417][err] 	/home/agent/.fontconfig
[pid=31417][err] 
[pid=31417][err] Fontconfig error: No writable cache directories
[pid=31417][err] 	/var/cache/fontconfig
[pid=31417][err] 	/home/agent/.cache/fontconfig
[pid=31417][err] 	/home/agent/.fontconfig
[pid=31417][err] 
[pid=31417][err] Fontconfig error: No writable cache directories
[pid=31417][err] 	/var/cache/fontconfig
[pid=31417][err] 	/home/agent/.cache/fontconfig
[pid=31417][err] 	/home/agent/.fontconfig
[pid=31417][err] 
[pid=31417][err] Fontconfig error: No writable cache directories
[pid=31417][err] 	/var/cache/fontconfig
[pid=31417][err] 	/home/agent/.cache/fontconfig
[pid=31417][err] 	/home/agent/.fontconfig
[pid=31417][err] 
[pid=31417][err] Fontconfig error: No writable cache directories
[pid=31417][err] 	/var/cache/fontconfig
[pid=31417][err] 	/home/agent/.cache/fontconfig
[pid=31417][err] 	/home/agent/.fontconfig
[pid=31417][err] 
[pid=31417][err] Fontconfig error: No writable cache directories
[pid=31417][err] 	/var/cache/fontconfig
[pid=31417][err] 	/home/agent/.cache/fontconfig
[pid=31417][err] 	/home/agent/.fontconfig
[pid=31417][err] 
[pid=31417][err] Fontconfig error: No writable cache directories
[pid=31417][err] 	/var/cache/fontconfig
[pid=31417][err] 	/home/agent/.cache/fontconfig
[pid=31417][err] 	/home/agent/.fontconfig
[pid=31417][err] 
[pid=31417][err] Fontconfig error: No writable cache directories
[pid=31417][err] 	/var/cache/fontconfig
[pid=31417][err] 	/home/agent/.cache/fontconfig
[pid=31417][err] 	/home/agent/.fontconfig
[pid=31417][err] 
[pid=31417][err] Fontconfig error: No writable cache directories
[pid=31417][err] 	/var/cache/fontconfig
[pid=31417][err] 	/home/agent/.cache/fontconfig
[pid=31417][err] 	/home/agent/.fontconfig
[pid=31417][err] 
[pid=31417][err] Fontconfig error: No writable cache directories
[pid=31417][err] 	/var/cache/fontconfig
[pid=31417][err] 	/home/agent/.cache/fontconfig
[pid=31417][err] 	/home/agent/.fontconfig
[pid=31417][err] 
[pid=31417][err] Fontconfig error: No writable cache directories
[pid=31417][err] 	/var/cache/fontconfig
[pid=31417][err] 	/home/agent/.cache/fontconfig
[pid=31417][err] 	/home/agent/.fontconfig
[pid=31417][err] 
[pid=31417][err] Fontconfig error: No writable cache directories
[pid=31417][err] 	/var/cache/fontconfig
[pid=31417][err] 	/home/agent/.cache/fontconfig
[pid=31417][err] 	/home/agent/.fontconfig
[pid=31417][err] 
[pid=31417][err] Fontconfig error: No writable cache directories
[pid=31417][err] 	/var/cache/fontconfig
[pid=31417][err] 	/home/agent/.cache/fontconfig
[pid=31417][err] 	/home/agent/.fontconfig
[pid=31417][err] 
[pid=31417][err] Fontconfig error: No writable cache directories
[pid=31417][err] 	/var/cache/fontconfig
[pid=31417][err] 	/home/agent/.cache/fontconfig
[pid=31417][err] 	/home/agent/.fontconfig
[pid=31417][err] 
[pid=31417][err] Fontconfig error: No writable cache directories
[pid=31417][err] 	/var/cache/fontconfig
[pid=31417][err] 	/home/agent/.cache/fontconfig
[pid=31417][err] 	/home/agent/.fontconfig
[pid=31417][err] 
[pid=31417][err] Fontconfig error: No writable cache directories
[pid=31417][err] 	/var/cache/fontconfig
[pid=31417][err] 	/home/agent/.cache/fontconfig
[pid=31417][err] 	/home/agent/.fontconfig
[pid=31417][err] 
[pid=31417][err] Fontconfig error: No writable cache directories
[pid=31417][err] 	/var/cache/fontconfig
[pid=31417][err] 	/home/agent/.cache/fontconfig
[pid=31417][err] 	/home/agent/.fontconfig
[pid=31417][err] 
[pid=31417][err] Fontconfig error: No writable cache directories
[pid=31417][err] 	/var/cache/fontconfig
[pid=31417][err] 	/home/agent/.cache/fontconfig
[pid=31417][err] 	/home/agent/.fontconfig
[pid=31417][err] [1005/044419.902893:WARNING:device/bluetooth/dbus/bluez_dbus_manager.cc:209] Floss manager service not available, cannot set Floss enable/disable.
[pid=31417][err] [1005/044419.925744:ERROR:content/browser/zygote_host/zygote_host_impl_linux.cc:279] Failed to adjust OOM score of renderer with pid 31462: Read-only file system (30)
[pid=31417][err] [1005/044420.439828:INFO:CONSOLE:50] "THREE.WebGLRenderer: KHR_parallel_shader_compile extension not supported.", source: http://127.0.0.1:4177/assets/index-BwP1C-i_.js (50)
[pid=31417][err] Failed to create secure directory (/home/agent/.config/pulse): Read-only file system
[pid=31417][err] [1005/044421.224784:WARNING:media/audio/linux/audio_manager_linux.cc:53] Falling back to ALSA for audio output. PulseAudio is not available or could not be initialized.
[pid=31417][err] [1005/045002.468734:WARNING:services/audio/sync_reader.cc:175] SyncReader::Read timed out, audio glitch count=10
[pid=31417] <gracefully close start>
    at async main (/workspace/gekichin/scripts/browser-product-run.ts:444:5) {
  log: []
}
