✔ initial eight plus forty-two and simultaneous deaths conserve fifty distinct tokens (2.918119ms)
✔ the only reserve goes to the player even if the player loss is recorded last (2.972609ms)
✔ handoff at exactly180ticks keeps HP, position, magazines and reload clocks (3.106128ms)
✔ Q-only survivors recheck handoff after their first deployment rather than losing the mission (1.468869ms)
✔ a blocked reservation consumes no extra token and reports exactlyfive seconds of continuous failure (4.96158ms)
✔ player and wingman barrels use exact5/15 and17/57tick intervals (1.643548ms)
✔ both empty initiates common360tick reload and no empty shot changes ammunition or N (0.246365ms)
✔ atomic volleys preserve64 player slots and saturation does not consume ammunition or IDs (1.210786ms)
✔ all source distances use far-side200/500/800 boundaries with integer mHP (0.249981ms)
✔ shot affiliation survives death/handoff and the90tick half-open lifetime is exact (0.380525ms)
✔ normal launch is the tick-start physical nose despite simultaneous turning and acceleration (129.005036ms)
✔ moving-sphere sweep resolves crossing trajectories within one tick (0.149582ms)
✔ 160000-point example floors only once, preserves negatives and distinguishes N0 (0.311462ms)
✔ overkill, duplicate events and wingman final blows retain actual damage and one hit (0.271002ms)
✔ best records are victory-only, mode/version-separated, tied records retain the earlier record (0.718306ms)
✔ corrupt or future best formats and failed writes never damage an existing record (0.399182ms)
✔ same-tick final turret and final ally losses produce mutual defeat before any respawn (30.627817ms)
✔ victory freezes flying bullets, unhit shots stay in N, and every result component is immutable (34.590129ms)
✔ an integrated timezero turret destruction cancels its genuine due warning shot before allocation (37.494607ms)
✔ a destruction during the warning releases its reservation and visual warning immediately without erasing older shots (26.753806ms)
✔ the last lifetime endpoint is excluded while the immediately earlier contact is valid (256.8904ms)
✔ boundary grace uses600 active ticks, resets on return, and never teleports an aircraft (196.31765ms)
✔ a timezero hull/sea collision cancels the player shot and gives no turret damage (152.506361ms)
✔ Normal player bullets damage friendly aircraft; Easy and wingman shots stop at protected contact (281.471654ms)
✔ main direct24HP never also deals splash to that plane, while colocated exposed allies receive12HP once (93.850254ms)
✔ main splash excludes the20m boundary and cannot cross a canonical turret shield (309.869668ms)
✔ synthetic15minute all-eight-guns fixture has no allocation failures and bounded live damage IDs (178.381173ms)
✔ intercept includes the fixed warning delay, chooses a positive root, and rejects an unreachable target (1.924916ms)
✔ the integrated tick-start warning uses actual moving-aircraft velocity after previous is reset (948.763416ms)
✔ main warning lasts sixty ticks, keeps its physical aim fixed, and fires one 400m/s shot (1.829343ms)
✔ MG fires F, F+6, … F+54, then releases its reservation for 120ticks after the last shot (2.252952ms)
✔ MG cancellation after two real shots reloads from the last shot; target generation changes cancel pending shots (1.080202ms)
✔ a turret destroyed by an earlier contact cannot commit its same-tick pending shot (0.649343ms)
✔ main finite tracking does not exceed its turn speed and times out after 120ticks (1.586243ms)
✔ mg finite tracking does not exceed its turn speed and times out after 120ticks (1.150447ms)
✔ local yaw/pitch limits reject internal and off-axis targets on every exterior face (0.578248ms)
✔ active and per-aircraft caps are enforced, and unused IDs precede recently released reservations (3.790763ms)
✔ a full enemy pool defers every remaining burst slot by one tick and pauses after sixty consecutive failures (3.082833ms)
✔ wingmen assign at most two pilots to the final turret, release dead assignments, and keep flight updates external (17.146625ms)
✔ a real finite-flight wingman reaches and destroys a last top turret with ordinary scattered bullets (53.530064ms)
✔ a real finite-flight wingman reaches and destroys a last bottom turret with ordinary scattered bullets (48.618088ms)
✔ a real finite-flight wingman reaches and destroys a last left turret with ordinary scattered bullets (51.719789ms)
✔ a real finite-flight wingman reaches and destroys a last right turret with ordinary scattered bullets (43.910005ms)
✔ a real finite-flight wingman reaches and destroys a last front turret with ordinary scattered bullets (41.39945ms)
✔ a real finite-flight wingman reaches and destroys a last rear turret with ordinary scattered bullets (48.444521ms)
ℹ tests 45
ℹ suites 0
ℹ pass 45
ℹ fail 0
ℹ cancelled 0
ℹ skipped 0
ℹ todo 0
ℹ duration_ms 2026.276836
