
> gekichin@0.1.0 test
> node --import tsx --test tests/*.test.ts

✔ return arrows guide inward/outward and left/right using the inherited flight yaw (3.305703ms)
✔ initial eight plus forty-two and simultaneous deaths conserve fifty distinct tokens (4.69221ms)
✔ the only reserve goes to the player even if the player loss is recorded last (2.31866ms)
✔ handoff at exactly180ticks keeps HP, position, magazines and reload clocks (2.537444ms)
✔ Q-only survivors recheck handoff after their first deployment rather than losing the mission (2.506097ms)
✔ a blocked reservation consumes no extra token and reports exactlyfive seconds of continuous failure (4.876503ms)
✔ player and wingman barrels use exact5/15 and17/57tick intervals (6.585169ms)
✔ both empty initiates common360tick reload and no empty shot changes ammunition or N (0.246365ms)
✔ atomic volleys preserve64 player slots and saturation does not consume ammunition or IDs (1.168783ms)
✔ all source distances use far-side200/500/800 boundaries with integer mHP (0.210663ms)
✔ shot affiliation survives death/handoff and the90tick half-open lifetime is exact (0.244653ms)
✔ normal launch is the tick-start physical nose despite simultaneous turning and acceleration (127.697374ms)
✔ moving-sphere sweep resolves crossing trajectories within one tick (0.147779ms)
✔ 160000-point example floors only once, preserves negatives and distinguishes N0 (0.2631ms)
✔ overkill, duplicate events and wingman final blows retain actual damage and one hit (0.211744ms)
✔ best records are victory-only, mode/version-separated, tied records retain the earlier record (0.685657ms)
✔ corrupt or future best formats and failed writes never damage an existing record (0.657005ms)
✔ same-tick final turret and final ally losses produce mutual defeat before any respawn (32.734537ms)
✔ victory freezes flying bullets, unhit shots stay in N, and every result component is immutable (40.564912ms)
✔ an integrated timezero turret destruction cancels its genuine due warning shot before allocation (32.811301ms)
✔ a destruction during the warning releases its reservation and visual warning immediately without erasing older shots (35.236168ms)
✔ the last lifetime endpoint is excluded while the immediately earlier contact is valid (290.699528ms)
✔ boundary grace uses600 active ticks, resets on return, and never teleports an aircraft (198.497039ms)
✔ a timezero hull/sea collision cancels the player shot and gives no turret damage (207.277385ms)
✔ Normal player bullets damage friendly aircraft; Easy and wingman shots stop at protected contact (345.481568ms)
✔ main direct24HP never also deals splash to that plane, while colocated exposed allies receive12HP once (111.955303ms)
✔ main splash excludes the20m boundary and cannot cross a canonical turret shield (370.146515ms)
✔ synthetic15minute all-eight-guns fixture has no allocation failures and bounded live damage IDs (179.157548ms)
✔ intercept includes the fixed warning delay, chooses a positive root, and rejects an unreachable target (2.108738ms)
✔ the integrated tick-start warning uses actual moving-aircraft velocity after previous is reset (1111.158332ms)
✔ main warning lasts sixty ticks, keeps its physical aim fixed, and fires one 400m/s shot (2.140005ms)
✔ MG fires F, F+6, … F+54, then releases its reservation for 120ticks after the last shot (2.504205ms)
✔ MG cancellation after two real shots reloads from the last shot; target generation changes cancel pending shots (1.075596ms)
✔ a turret destroyed by an earlier contact cannot commit its same-tick pending shot (0.746217ms)
✔ main finite tracking does not exceed its turn speed and times out after 120ticks (1.525303ms)
✔ mg finite tracking does not exceed its turn speed and times out after 120ticks (1.035796ms)
✔ local yaw/pitch limits reject internal and off-axis targets on every exterior face (0.548523ms)
✔ active and per-aircraft caps are enforced, and unused IDs precede recently released reservations (5.139304ms)
✔ a full enemy pool defers every remaining burst slot by one tick and pauses after sixty consecutive failures (3.320535ms)
✔ wingmen assign at most two pilots to the final turret, release dead assignments, and keep flight updates external (20.29246ms)
✔ a real finite-flight wingman reaches and destroys a last top turret with ordinary scattered bullets (73.134208ms)
✔ a real finite-flight wingman reaches and destroys a last bottom turret with ordinary scattered bullets (58.324315ms)
✔ a real finite-flight wingman reaches and destroys a last left turret with ordinary scattered bullets (52.401439ms)
✔ a real finite-flight wingman reaches and destroys a last right turret with ordinary scattered bullets (42.839226ms)
✔ a real finite-flight wingman reaches and destroys a last front turret with ordinary scattered bullets (36.777023ms)
✔ a real finite-flight wingman reaches and destroys a last rear turret with ordinary scattered bullets (59.091739ms)
✔ A12/R45 inspection fixture compares ordinary evasion with no evasion through the real projectile sweep (3768.083722ms)
✔ fixed source flight and camera tuning remain unchanged (1.467066ms)
✔ right turn, climb and throttle preserve physical signs and bounded speed (1.998074ms)
✔ five second loop ends once and new steering interrupts without teleportation (3.213106ms)
✔ no P1 placeholder target pulls steering; hidden/dead targets are rejected and shot correction is finite (0.471109ms)
✔ preparation, pause, report and stale callbacks keep one authoritative operation (441.702313ms)
✔ accepted fixed-tick inputs produce the same final flight at 30/60/120Hz rendering (7685.22682ms)
✔ keyboard schema exposes nine actions and rejects invalid or duplicate settings (0.870221ms)
✔ layout data fixes 100 unique turrets, six face counts, unit axes, HP and approach intervals (8.35254ms)
✔ synthetic finite-fleet fixture preserves all 50 identities through simultaneous losses and respawns (14.619771ms)
✔ scoring preserves the fixed 160,000 example, time monotonicity, negative totals and N=0 semantics (0.306204ms)
✔ score events are idempotent and retain shooter ownership across the finishing hit (0.427204ms)
✔ mode-specific best records accept only valid victories and preserve future envelopes (0.861418ms)
✔ ordinary combat inputs preserve the same logical snapshot at 30, 60 and 120 Hz (20167.207796ms)
✔ canonical layout has fixed100 unique IDs, six-face20/80 distribution and24,000HP (4.778918ms)
✔ every turret has a350m ordinary-flight approach with aircraft radius+10m clearance and first-contact firing access (19.608857ms)
✔ spawn and return corridor candidates satisfy all real muzzle range margins and30m separation (6.437358ms)
✔ the exterior network connects above/below/front/rear and sides without hull shortcuts (18.578278ms)
✔ shared first-contact geometry blocks opposite faces but keeps visible armor gaps open (7.97503ms)
✔ rounded-box sweeps catch tunnelling, reject inflated-box corner false positives and handle rotated boxes (0.51241ms)
✔ spatial grid returns the same nearest collision as all canonical parts, including changing barrels (70.57352ms)
✔ camera casts use the same first contact, and moving aircraft / sea sweeps find real crossings (1.549729ms)
✔ integer damage clamps overkill, damage stages have exact thresholds, attack IDs resolve once (0.569755ms)
✔ destroyed turrets retain a low canonical wreck and final destruction time / freeze are stable (0.903701ms)
✔ retired numeric attack IDs remain rejected while retained de-dup state stays bounded by live IDs (3.063584ms)
✔ pointercancel releases its own steering and button owners while preserving another active pointer (2.954963ms)
✔ resize and blur clear held pointer and keyboard state so stale input cannot resume flight (1.126381ms)
✔ settings writes roll back earlier keys after a later write fails (0.447554ms)
✔ future settings versions block the whole save without touching any stored value (0.169702ms)
✔ a wall-clock gap of two seconds discards accumulated time and needs a later fresh frame (141.4365ms)
✔ respawn clears held throttle 0.65 for the first control tick and accepts the next fresh axis (453.560492ms)
✔ respawn clears held throttle -0.75 for the first control tick and accepts the next fresh axis (416.884009ms)
✔ handoff clears held throttle 0.65 for the first control tick and accepts the next fresh axis (378.356843ms)
✔ handoff clears held throttle -0.75 for the first control tick and accepts the next fresh axis (381.432556ms)
✔ real adapter owns one lever pointer independently from steering/fire and clears only its owner (4.824987ms)
✔ focused short commands survive zero-tick frames, consume once, cancel safely, and coexist with pointer (1.697778ms)
✔ v1 custom migration is pure, preserves peers and uses rectangular safe placement in both orientations (3.635333ms)
✔ rollback failure retains a bounded raw recovery snapshot, read-only reload and future-write protection (0.595082ms)
✔ v2 Save leaves v1 bytes unchanged and refuses future legacy or current versions (0.204593ms)
✔ actual fixed-step recorded input replays one short pulse once across catchup ticks (219.531225ms)
✔ malformed or future recovery journals cannot restore or read foreign keys (0.376589ms)
✔ three independent sources add before the single final clamp (0.647771ms)
✔ measured peers replace nominal rectangles without blocking a clear nondefault lever position (0.477187ms)
✔ utility rectangles displace only the lever and focused keyboard transfer preserves live pointers (0.924171ms)
✔ every shared rate-lever fixture is connected to actual throttle integration (1.003969ms)
✔ invalid axes fail neutral, boundaries are continuous, and explicit analog zero overrides legacy input (0.184453ms)
✔ release holds adjusted target, maximum lever equals legacy keys, Easy ignores the lever (0.227547ms)
✔ Save verifies its journal before changing any setting (1.580926ms)
✔ Save detects a silent settings write and restores the full batch (0.328497ms)
✔ silent rollback failure preserves recoverable raw and read-only old settings (0.347685ms)
✔ silent journal cleanup is not success and remains safely reloadable (0.207738ms)
✔ duplicate Save entries are rejected without overwriting a recovery record (0.468605ms)
✔ a changed value between journal and write is preserved (0.202791ms)
✔ focused configured speed keys clear on focusout and Escape without releasing independent touch (3.609744ms)
✔ zoomed visible handle endpoints produce full continuous throttle (0.724885ms)
✔ dialog viewport height uses layout units at CSS zoom without double scaling (0.94392ms)
ℹ tests 102
ℹ suites 0
ℹ pass 102
ℹ fail 0
ℹ cancelled 0
ℹ skipped 0
ℹ todo 0
ℹ duration_ms 22825.603966
npm notice
npm notice New major version of npm available! 11.9.0 -> 12.2.0
npm notice Changelog: https://github.com/npm/cli/releases/tag/v12.2.0
npm notice To update run: npm install -g npm@12.2.0
npm notice
