
> gekichin@0.1.0 test:browser
> playwright test --project=chromium


Running 16 tests using 1 worker

(node:7402) Warning: The 'NO_COLOR' env is ignored due to the 'FORCE_COLOR' env being set.
(Use `node --trace-warnings ...` to show where the warning was created)
  ✓   1 [chromium] › browser-tests/p1-flow.spec.ts:9:1 › Normal keyboard flight, loop interruption, pause, settings, report and reflight use one operation (10.1s)
  ✓   2 [chromium] › browser-tests/p1-flow.spec.ts:32:1 › multi-touch cancel, lost capture, resize and compatibility click release held input (6.1s)
  ✓   3 [chromium] › browser-tests/p1-flow.spec.ts:50:1 › Easy one button fits specified viewports and ten repeated starts never duplicate app resources (30.4s)
  ✓   4 [chromium] › browser-tests/p1-flow.spec.ts:64:1 › WebGL loss while paused or editing gives guidance and restoration needs explicit resume (5.2s)
  ✓   5 [chromium] › browser-tests/p1-flow.spec.ts:73:1 › the flight prototype makes no game API requests or result storage writes (5.7s)
  ✓   6 [chromium] › browser-tests/p1-flow.spec.ts:87:1 › an explicit visibilitychange fixture stops flight and visible recovery never resumes it (5.3s)
  ✓   7 [chromium] › browser-tests/p1-flow.spec.ts:108:1 › sound starts OFF, pauses with flight and reuses one audio context after replay (6.2s)
  ✓   8 [chromium] › browser-tests/p1-independent-ui.spec.ts:10:1 › touch preview controls fit their scroller and Gekichin settings leave other games storage untouched (5.2s)
  ✓   9 [chromium] › browser-tests/p1-independent.spec.ts:10:1 › a pause binding on Enter leaves home and result button activation with native Enter (5.8s)
  ✓  10 [chromium] › browser-tests/p1-independent.spec.ts:36:1 › an event-loop stall of at least two seconds freezes the flight until explicit resume (7.8s)
  ✓  11 [chromium] › browser-tests/p1-independent.spec.ts:57:1 › when WebGL creation fails, settings and help remain available while flight stays disabled (1.5s)
  ✓  12 [chromium] › browser-tests/p1-settings.spec.ts:20:1 › nine keyboard actions reject duplicate, reserved, modifier and IME input; draft and focus are transactional (8.1s)
  ✓  13 [chromium] › browser-tests/p1-settings.spec.ts:48:1 › home editors offer both modes and persist touch size, opacity and placement only after save (9.9s)
  ✓  14 [chromium] › browser-tests/p1-settings.spec.ts:68:1 › a multi-key save failure rolls back and only explicit session use changes active settings (6.3s)
  ✓  15 [chromium] › browser-tests/p1-settings.spec.ts:90:1 › future-version values are never downgraded and failed drafts can be cancelled (6.8s)
  ✓  16 [chromium] › browser-tests/p1-settings.spec.ts:104:1 › home, settings and guide stay reachable at all required viewports and 200 percent text (31.1s)

  16 passed (2.6m)
npm notice
npm notice New major version of npm available! 11.9.0 -> 12.2.0
npm notice Changelog: https://github.com/npm/cli/releases/tag/v12.2.0
npm notice To update run: npm install -g npm@12.2.0
npm notice
